// Jest Snapshot v1, https://goo.gl/fbAQLP

exports[`Button renders correctly 1`] = `
<button
  className="button black"
  onClick={[Function]}
  tabIndex={0}
>
  Default Starter
</button>
`;
